usuario@DESKTOP-SEGOH4K MINGW64 ~/Desktop/Vitor Milagres/Programacao/Git
$ git clone https://github.com/VitorMilagres/GitHub_Challenge_1st_repository_DIO.git
Cloning into 'GitHub_Challenge_1st_repository_DIO'...
remote: Enumerating objects: 6, done.
remote: Counting objects: 100% (6/6), done.
remote: Compressing objects: 100% (4/4), done.
remote: Total 6 (delta 0), reused 0 (delta 0), pack-reused 0
Receiving objects: 100% (6/6), done.

usuario@DESKTOP-SEGOH4K MINGW64 ~/Desktop/Vitor Milagres/Programacao/Git
$ cd GitHub_Challenge_1st_repository_DIO/

usuario@DESKTOP-SEGOH4K MINGW64 ~/Desktop/Vitor Milagres/Programacao/Git/GitHub_Challenge_1st_repository_DIO (main)
$ git status
On branch main
Your branch is up to date with 'origin/main'.

nothing to commit, working tree clean

usuario@DESKTOP-SEGOH4K MINGW64 ~/Desktop/Vitor Milagres/Programacao/Git/GitHub_Challenge_1st_repository_DIO (main)
$ git status
On branch main
Your branch is up to date with 'origin/main'.

Untracked files:
  (use "git add <file>..." to include in what will be committed)
        Amdocs_JAVA_Developer_Course/

nothing added to commit but untracked files present (use "git add" to track)

usuario@DESKTOP-SEGOH4K MINGW64 ~/Desktop/Vitor Milagres/Programacao/Git/GitHub_Challenge_1st_repository_DIO (main)
$ git add .

usuario@DESKTOP-SEGOH4K MINGW64 ~/Desktop/Vitor Milagres/Programacao/Git/GitHub_Challenge_1st_repository_DIO (main)
$ git status
On branch main
Your branch is up to date with 'origin/main'.

Changes to be committed:
  (use "git restore --staged <file>..." to unstage)
        new file:   Amdocs_JAVA_Developer_Course/Amdocs_JAVA_Developer_Certificates.txt

usuario@DESKTOP-SEGOH4K MINGW64 ~/Desktop/Vitor Milagres/Programacao/Git/GitHub_Challenge_1st_repository_DIO (main)
$ git commit -m "Inclusion of course notes: Git/GitHub"
[main bfb478f] Inclusion of course notes: Git/GitHub
 1 file changed, 11 insertions(+)
 create mode 100644 Amdocs_JAVA_Developer_Course/Amdocs_JAVA_Developer_Certificates.txt

usuario@DESKTOP-SEGOH4K MINGW64 ~/Desktop/Vitor Milagres/Programacao/Git/GitHub_Challenge_1st_repository_DIO (main)
$ git status
On branch main
Your branch is ahead of 'origin/main' by 1 commit.
  (use "git push" to publish your local commits)

nothing to commit, working tree clean

usuario@DESKTOP-SEGOH4K MINGW64 ~/Desktop/Vitor Milagres/Programacao/Git/GitHub_Challenge_1st_repository_DIO (main)
$ git push origin main
Enumerating objects: 5, done.
Counting objects: 100% (5/5), done.
Delta compression using up to 8 threads
Compressing objects: 100% (4/4), done.
Writing objects: 100% (4/4), 582 bytes | 291.00 KiB/s, done.
Total 4 (delta 0), reused 0 (delta 0), pack-reused 0
To https://github.com/VitorMilagres/GitHub_Challenge_1st_repository_DIO.git
   3824cdd..bfb478f  main -> main

usuario@DESKTOP-SEGOH4K MINGW64 ~/Desktop/Vitor Milagres/Programacao/Git/GitHub_Challenge_1st_repository_DIO (main)